[ERROR] test-1_chunks
File: data/processed/chunks/new\test-1_chunks.json
Traceback (most recent call last):
  File "c:\Users\Admin\BTTH3\scripts\update_index.py", line 49, in <module>
    chunks = json.load(f)
  File "C:\Users\Admin\miniconda3\envs\testing\Lib\json\__init__.py", line 293, in load
    return loads(fp.read(),
        cls=cls, object_hook=object_hook,
        parse_float=parse_float, parse_int=parse_int,
        parse_constant=parse_constant, object_pairs_hook=object_pairs_hook, **kw)
  File "C:\Users\Admin\miniconda3\envs\testing\Lib\json\__init__.py", line 346, in loads
    return _default_decoder.decode(s)
           ~~~~~~~~~~~~~~~~~~~~~~~^^^
  File "C:\Users\Admin\miniconda3\envs\testing\Lib\json\decoder.py", line 345, in decode
    obj, end = self.raw_decode(s, idx=_w(s, 0).end())
               ~~~~~~~~~~~~~~~^^^^^^^^^^^^^^^^^^^^^^^
  File "C:\Users\Admin\miniconda3\envs\testing\Lib\json\decoder.py", line 363, in raw_decode
    raise JSONDecodeError("Expecting value", s, err.value) from None
json.decoder.JSONDecodeError: Expecting value: line 1 column 1 (char 0)

================================================================================
